// Jest Snapshot v1, https://goo.gl/fbAQLP

exports[`Button should pass 1`] = `
<button
  class="button"
>
  Yo
</button>
`;
